<?xml version="1.0" encoding="UTF-8"?>
<testsuites name="jest tests" tests="11" failures="0" errors="0" time="4.739">
  <testsuite name="Test Player Service" errors="0" failures="0" skipped="0" timestamp="2022-06-08T22:18:00" time="3.773" tests="3">
    <testcase classname="Test Player Service should create" name="Test Player Service should create" time="0.153">
    </testcase>
    <testcase classname="Test Player Service should get" name="Test Player Service should get" time="0.246">
    </testcase>
    <testcase classname="Test Player Service should return empty array if team not found" name="Test Player Service should return empty array if team not found" time="0.014">
    </testcase>
  </testsuite>
  <testsuite name="Test Player Get Interface" errors="0" failures="0" skipped="0" timestamp="2022-06-08T22:18:04" time="0.32" tests="3">
    <testcase classname="Test Player Get Interface should throw missing queryStringParameters" name="Test Player Get Interface should throw missing queryStringParameters" time="0.007">
    </testcase>
    <testcase classname="Test Player Get Interface should throw missing teamId" name="Test Player Get Interface should throw missing teamId" time="0.001">
    </testcase>
    <testcase classname="Test Player Get Interface should succeed" name="Test Player Get Interface should succeed" time="0.002">
    </testcase>
  </testsuite>
  <testsuite name="Test Player Get Interface" errors="0" failures="0" skipped="0" timestamp="2022-06-08T22:18:05" time="0.277" tests="5">
    <testcase classname="Test Player Get Interface should throw missing body" name="Test Player Get Interface should throw missing body" time="0.004">
    </testcase>
    <testcase classname="Test Player Get Interface should throw missing body id" name="Test Player Get Interface should throw missing body id" time="0.002">
    </testcase>
    <testcase classname="Test Player Get Interface should throw missing body teamId" name="Test Player Get Interface should throw missing body teamId" time="0.001">
    </testcase>
    <testcase classname="Test Player Get Interface should throw missing body fullname" name="Test Player Get Interface should throw missing body fullname" time="0.002">
    </testcase>
    <testcase classname="Test Player Get Interface should succeed" name="Test Player Get Interface should succeed" time="0.001">
    </testcase>
  </testsuite>
</testsuites>